Yes, is false
Yes, is false
Yes, is false
Yes, is false
Yes, is false
