No, is not false
No, is not false
No, is not false
No, is not false
No, is not false
No, is not false
