Not false
Not false
Not false
Not false
Not false
Not false
Not false
Not false
Not false
Not false
