Yes, is true
Yes, is true
Yes, is true
Yes, is true
Yes, is true
