No, is not true
No, is not true
No, is not true
No, is not true
No, is not true
No, is not true
