Not true
Not true
Not true
Not true
Not true
Not true
Not true
Not true
Not true
Not true
